#,,"generated_by='OpenQuake engine 3.12.0-gitba3406a80c', start_date='2021-06-04T05:58:52', checksum=3590982611, risk_investigation_time=50.0, num_events=42, effective_time=1000.0, limit_states='LS1 LS2'"
return_period,losses,loss_type
50,2.35340E+02,structural
100,2.43929E+04,structural
200,6.38974E+04,structural
500,7.24520E+04,structural
1000,7.24520E+04,structural
