[[3508.3716]
 [1610.0907]
 [2196.9858]
 [ 524.8463]]