#,,,,,,,,,,,"generated_by='OpenQuake engine 3.10.0-git1c42946541', start_date='2020-09-28T08:09:19', checksum=3473820124, investigation_time=1.0, risk_investigation_time=50.0"
asset_id,cresta,occupancy,state,taxonomy,lon,lat,business_interruption,contents,nonstructural,occupants,structural
a3,0.21,Com,02,tax1,-122.57000,38.11300,7.49931E+01,3.90335E+02,5.85503E+02,1.49986E-03,0.00000E+00
a2,0.12,Res,01,tax2,-122.11400,38.11300,6.02294E+02,5.49092E+03,7.84484E+03,1.20459E-02,6.29308E+02
a5,0.23,Res,02,tax1,-122.00000,37.91000,3.02072E+02,1.62842E+03,2.44262E+03,6.04144E-03,1.86015E+02
a4,0.22,Res,02,tax3,-122.00000,38.00000,4.77373E+02,1.84031E+03,3.36153E+03,9.54747E-03,3.83229E+02
a1,0.11,Res,01,tax1,-122.00000,38.11300,9.51242E+02,6.25796E+03,8.53530E+03,1.90248E-02,2.97386E+03
a6,0.31,Res,03,tax2,-122.00000,38.22500,4.81177E+02,5.28331E+03,7.09320E+03,9.62354E-03,4.12676E+02
a7,0.32,Res,03,tax1,-121.88600,38.11300,4.78608E+02,2.67311E+03,4.00967E+03,9.57216E-03,3.27339E+02
