#,,,,,,,,,,,"generated_by='OpenQuake engine 3.10.0-git1c42946541', start_date='2020-09-28T08:09:19', checksum=3473820124, investigation_time=1.0, risk_investigation_time=50.0"
asset_id,cresta,occupancy,state,taxonomy,lon,lat,business_interruption,contents,nonstructural,occupants,structural
a3,0.21,Com,02,tax1,-122.57000,38.11300,1.34078E+02,7.15865E+02,1.07380E+03,2.68156E-03,0.00000E+00
a2,0.12,Res,01,tax2,-122.11400,38.11300,1.35760E+03,1.02420E+04,1.53324E+04,2.71521E-02,1.36252E+03
a5,0.23,Res,02,tax1,-122.00000,37.91000,8.18083E+02,4.30212E+03,6.45318E+03,1.63617E-02,3.95495E+02
a4,0.22,Res,02,tax3,-122.00000,38.00000,1.09562E+03,4.11047E+03,7.96136E+03,2.19124E-02,8.26343E+02
a1,0.11,Res,01,tax1,-122.00000,38.11300,1.53350E+03,8.83496E+03,1.31392E+04,3.06700E-02,2.51281E+03
a6,0.31,Res,03,tax2,-122.00000,38.22500,1.22319E+03,1.37604E+04,1.84640E+04,2.44639E-02,8.35180E+02
a7,0.32,Res,03,tax1,-121.88600,38.11300,1.32694E+03,7.46451E+03,1.11968E+04,2.65388E-02,7.28710E+02
