======================== ==============
Total number of ruptures 5             
Total number of events   48            
Rupture multiplicity     9.60000       
Events by rlz            8 18 10 10 1 1
======================== ==============