#,,,,,,,"generated_by='OpenQuake engine 3.10.0-git1c42946541', start_date='2020-09-28T07:38:51', checksum=798997337, kind='mean', investigation_time=50.0, imt='PGA'"
lon,lat,depth,poe-0.0050000,poe-0.0070000,poe-0.0098000,poe-0.0137000,poe-0.0192000
0.00000,0.00000,0.00000,9.406022E-01,9.114949E-01,8.640305E-01,8.026013E-01,7.518243E-01
