========= ======= =======
PGA       SA(0.3) SA(0.6)
========= ======= =======
9.036E-04 0.00291 0.00132
========= ======= =======