#,,"generated_by='OpenQuake engine 3.12.0-git24da1038a0', start_date='2021-05-11T08:16:16', checksum=3975198111"
site_id,event_id,gmv_PGA
0,0,3.28702E-02
0,1,6.91859E-02
0,2,5.90340E-02
0,3,2.13136E-02
0,4,1.87355E-02
0,5,7.49717E-03
0,6,1.91736E-02
0,7,9.37048E-02
0,8,2.41953E-01
0,9,1.17454E-01
0,10,5.64186E-02
0,11,3.99930E-02
0,12,3.85176E-02
0,13,6.60825E-02
