#,,,,,,,,,,,,"generated_by='OpenQuake engine 3.11.0-git8e5cbab579', start_date='2020-11-13T17:16:23', checksum=2956330243, kind='mean', investigation_time=50.0, imt='SA(2.0)'"
lon,lat,depth,poe-0.0050000,poe-0.0097978,poe-0.0191992,poe-0.0376218,poe-0.0737219,poe-0.1444618,poe-0.2830804,poe-0.5547105,poe-1.0869836,poe-2.1300000
-1.00325,0.70283,0.00000,5.434109E-01,2.237066E-01,5.225646E-02,5.888605E-03,1.076431E-04,0.000000E+00,0.000000E+00,0.000000E+00,0.000000E+00,0.000000E+00
-1.00181,-1.99514,0.00000,7.878698E-02,2.391373E-02,4.414565E-03,3.689548E-04,0.000000E+00,0.000000E+00,0.000000E+00,0.000000E+00,0.000000E+00,0.000000E+00
1.69492,0.70283,0.00000,1.952589E-01,6.158761E-02,1.142122E-02,9.303578E-04,0.000000E+00,0.000000E+00,0.000000E+00,0.000000E+00,0.000000E+00,0.000000E+00
1.69779,-1.99514,0.00000,0.000000E+00,0.000000E+00,0.000000E+00,0.000000E+00,0.000000E+00,0.000000E+00,0.000000E+00,0.000000E+00,0.000000E+00,0.000000E+00
