#,,,,,,,,,,,,"generated_by='OpenQuake engine 3.11.0-git8e5cbab579', start_date='2020-11-13T17:16:23', checksum=2956330243, kind='mean', investigation_time=50.0, imt='SA(0.2)'"
lon,lat,depth,poe-0.0050000,poe-0.0097978,poe-0.0191992,poe-0.0376218,poe-0.0737219,poe-0.1444618,poe-0.2830804,poe-0.5547105,poe-1.0869836,poe-2.1300000
-1.00325,0.70283,0.00000,9.970241E-01,9.013115E-01,4.803497E-01,1.151158E-01,1.197633E-02,2.701027E-04,0.000000E+00,0.000000E+00,0.000000E+00,0.000000E+00
-1.00181,-1.99514,0.00000,4.047397E-01,1.590162E-01,3.997505E-02,5.714222E-03,3.114378E-04,0.000000E+00,0.000000E+00,0.000000E+00,0.000000E+00,0.000000E+00
1.69492,0.70283,0.00000,7.410351E-01,3.595182E-01,9.830473E-02,1.407550E-02,7.214353E-04,0.000000E+00,0.000000E+00,0.000000E+00,0.000000E+00,0.000000E+00
1.69779,-1.99514,0.00000,0.000000E+00,0.000000E+00,0.000000E+00,0.000000E+00,0.000000E+00,0.000000E+00,0.000000E+00,0.000000E+00,0.000000E+00,0.000000E+00
