#,,,,,,,,,,,,"generated_by='OpenQuake engine 3.11.0-git8e5cbab579', start_date='2020-11-13T17:16:23', checksum=2956330243, kind='mean', investigation_time=50.0, imt='PGA'"
lon,lat,depth,poe-0.0050000,poe-0.0097978,poe-0.0191992,poe-0.0376218,poe-0.0737219,poe-0.1444618,poe-0.2830804,poe-0.5547105,poe-1.0869836,poe-2.1300000
-1.00325,0.70283,0.00000,9.058724E-01,4.697253E-01,1.022528E-01,8.598568E-03,9.481463E-05,0.000000E+00,0.000000E+00,0.000000E+00,0.000000E+00,0.000000E+00
-1.00181,-1.99514,0.00000,1.620614E-01,3.869174E-02,4.868023E-03,1.836853E-04,0.000000E+00,0.000000E+00,0.000000E+00,0.000000E+00,0.000000E+00,0.000000E+00
1.69492,0.70283,0.00000,3.655478E-01,9.522855E-02,1.193491E-02,4.083489E-04,0.000000E+00,0.000000E+00,0.000000E+00,0.000000E+00,0.000000E+00,0.000000E+00
1.69779,-1.99514,0.00000,0.000000E+00,0.000000E+00,0.000000E+00,0.000000E+00,0.000000E+00,0.000000E+00,0.000000E+00,0.000000E+00,0.000000E+00,0.000000E+00
