#,,,,"generated_by='OpenQuake engine 3.11.0-git8e5cbab579', start_date='2020-11-13T17:16:23', checksum=2956330243, kind='mean', investigation_time=50.0"
lon,lat,0.1~PGA,0.1~SA(0.2),0.1~SA(2.0)
-1.00325,0.70283,1.931577E-02,3.922954E-02,1.421975E-02
-1.00181,-1.99514,6.272604E-03,1.228205E-02,0.000000E+00
1.69492,0.70283,9.561097E-03,1.902965E-02,7.385827E-03
1.69779,-1.99514,0.000000E+00,0.000000E+00,0.000000E+00
