#,,,"generated_by='OpenQuake engine 3.12.0-gitba3406a80c', start_date='2021-06-04T05:59:04', checksum=4270381458, risk_investigation_time=1.0, num_events=16904, effective_time=10000.0, limit_states='moderate complete'"
return_period,fatalities,losses,loss_type
500,5.39553E+02,2.08589E+06,structural
