#,,,,,,,,,,,,,,,,,,,,,,,,,,,,,,,,"generated_by='OpenQuake engine 3.11.0-git8e5cbab579', start_date='2020-11-13T17:16:00', checksum=2225891834, kind='mean', investigation_time=1.0, imt='PGA'"
lon,lat,depth,poe-0.0100000,poe-0.0121736,poe-0.0148196,poe-0.0180407,poe-0.0219620,poe-0.0267356,poe-0.0325468,poe-0.0396210,poe-0.0482329,poe-0.0587167,poe-0.0714792,poe-0.0870157,poe-0.1059292,poe-0.1289537,poe-0.1569826,poe-0.1911039,poe-0.2326417,poe-0.2832080,poe-0.3447653,poe-0.4197025,poe-0.5109277,poe-0.6219815,poe-0.7571736,poe-0.9217506,poe-1.1220995,poe-1.3659958,poe-1.6629046,poe-2.0243486,poe-2.4643551,poe-3.0000000
-77.61460,8.44480,0.00000,5.735480E-03,4.784426E-03,3.952917E-03,3.234211E-03,2.620141E-03,2.100020E-03,1.662429E-03,1.297028E-03,9.950189E-04,7.488074E-04,5.515866E-04,3.969096E-04,2.782514E-04,1.891122E-04,1.237216E-04,7.738254E-05,4.607657E-05,2.608281E-05,1.405013E-05,7.225071E-06,3.560831E-06,1.683670E-06,7.598701E-07,3.235463E-07,1.278145E-07,4.585916E-08,1.453934E-08,3.933514E-09,8.725824E-10,1.525231E-10
