#,,,,,,,,,,,,,,,,,,,,,,,,,,,,,,,,"generated_by='OpenQuake engine 3.11.0-git8e5cbab579', start_date='2020-11-13T17:16:00', checksum=2225891834, kind='mean', investigation_time=1.0, imt='SA(1.0)'"
lon,lat,depth,poe-0.0100000,poe-0.0121736,poe-0.0148196,poe-0.0180407,poe-0.0219620,poe-0.0267356,poe-0.0325468,poe-0.0396210,poe-0.0482329,poe-0.0587167,poe-0.0714792,poe-0.0870157,poe-0.1059292,poe-0.1289537,poe-0.1569826,poe-0.1911039,poe-0.2326417,poe-0.2832080,poe-0.3447653,poe-0.4197025,poe-0.5109277,poe-0.6219815,poe-0.7571736,poe-0.9217506,poe-1.1220995,poe-1.3659958,poe-1.6629046,poe-2.0243486,poe-2.4643551,poe-3.0000000
-77.61460,8.44480,0.00000,2.259427E-03,1.755407E-03,1.341906E-03,1.008159E-03,7.434743E-04,5.375230E-04,3.805826E-04,2.635842E-04,1.783115E-04,1.176345E-04,7.553680E-05,4.707912E-05,2.839628E-05,1.655284E-05,9.311876E-06,5.036583E-06,2.605672E-06,1.279951E-06,5.890075E-07,2.478958E-07,9.162999E-08,2.809554E-08,6.702357E-09,1.131259E-09,1.155104E-10,5.985682E-12,1.380871E-13,1.303957E-15,0.000000E+00,0.000000E+00
