#,,,"generated_by='OpenQuake engine 3.11.0-git8e5cbab579', start_date='2020-11-13T17:16:00', checksum=2225891834, kind='mean', investigation_time=1.0"
lon,lat,0.002105~PGA,0.002105~SA(1.0)
-77.61460,8.44480,2.667937E-02,1.056715E-02
