#,,,,,"generated_by='OpenQuake engine 3.11.0-git4fb7acc712', start_date='2020-10-05T06:32:27', checksum=3914792493, kind='tot_curves-stats', risk_investigation_time=5.0"
return_period,stat,loss_type,loss_value,loss_ratio,annual_frequency_of_exceedence
2,mean,structural,7.43647E+03,1.31774E-04,5.00000E-01
5,mean,structural,2.13566E+05,3.78437E-03,2.00000E-01
