#,,,,,,,,,,,,,,,,,,,,,,"generated_by='OpenQuake engine 3.11.0-git29d8dc3482', start_date='2020-10-23T10:21:30', checksum=2973862830, kind='mean', investigation_time=1.0, imt='SA(0.5)'"
lon,lat,depth,poe-0.0050000,poe-0.0070015,poe-0.0098041,poe-0.0137286,poe-0.0192240,poe-0.0269192,poe-0.0376948,poe-0.0527836,poe-0.0739125,poe-0.1034991,poe-0.1449289,poe-0.2029427,poe-0.2841789,poe-0.3979333,poe-0.5572227,poe-0.7802743,poe-1.0926116,poe-1.5299748,poe-2.1424109,poe-3.0000000
-155.76871,21.60952,0.00000,4.643662E-02,3.838219E-02,2.973719E-02,2.141025E-02,1.405684E-02,8.240159E-03,4.187037E-03,1.749572E-03,5.609840E-04,1.269479E-04,1.616743E-05,1.565415E-07,1.495535E-09,1.820299E-11,0.000000E+00,0.000000E+00,0.000000E+00,0.000000E+00,0.000000E+00,0.000000E+00
