#,,,,,,,,,"generated_by='OpenQuake engine 3.11.0-gitde2c6dbeb2', start_date='2020-10-22T17:32:03', checksum=2973862830, kind='mean', investigation_time=1.0"
lon,lat,PGA-0.002107,PGA-0.000404,SA(0.1)-0.002107,SA(0.1)-0.000404,SA(0.5)-0.002107,SA(0.5)-0.000404,SA(2.0)-0.002107,SA(2.0)-0.000404
-155.76871,21.60952,2.139177E-02,3.097769E-02,3.163668E-02,4.524947E-02,4.912951E-02,7.961984E-02,2.191884E-02,3.666520E-02
