============= ============= =======
return_period kind          value  
60            mean          0.00969
120           mean          0.04650
120           quantile-0.25 0.02488
240           mean          0.08018
240           quantile-0.25 0.05836
480           mean          0.18598
480           quantile-0.25 0.11279
960           mean          0.29691
960           quantile-0.25 0.22820
============= ============= =======