============= ===== =======
return_period kind  value  
60            rlz-1 0.01937
120           rlz-0 0.02488
120           rlz-1 0.06812
240           rlz-0 0.05836
240           rlz-1 0.10201
480           rlz-0 0.11279
480           rlz-1 0.25916
960           rlz-0 0.22820
960           rlz-1 0.36563
============= ===== =======