============= ============= =====
return_period kind          value
60            mean          106  
120           mean          511  
120           quantile-0.25 273  
240           mean          882  
240           quantile-0.25 641  
480           mean          2_046
480           quantile-0.25 1_241
960           mean          3_266
960           quantile-0.25 2_510
============= ============= =====