#,,,,,,,"generated_by='OpenQuake engine 3.10.0-git1c42946541', start_date='2020-09-28T08:09:04', checksum=968307920, investigation_time=50.0, risk_investigation_time=50.0"
asset_id,policy,taxonomy,lon,lat,structural~no_damage,structural~LS1,structural~LS2
a0,A,RM,81.29850,29.10980,2.700000E+00,4.000000E-01,2.000000E-01
a1,A,RC,83.08230,27.90060,4.810500E+02,3.945000E+01,2.950000E+01
a2,B,W,85.74770,27.90150,8.229500E+02,1.445500E+02,1.325000E+02
a3,B,RM,85.74770,27.90150,7.900000E+00,1.400000E+00,1.700000E+00
