#,,,"generated_by='OpenQuake engine 3.11.0-git1cfcd26622', start_date='2020-09-30T07:25:01', checksum=468363284, investigation_time=50.0, risk_investigation_time=50.0"
loss_type,loss_value,exposed_value,loss_ratio
nonstructural,1.31957E+02,5.50000E+03,2.39923E-02
structural,4.13786E+02,1.10000E+04,3.76169E-02
structural_ins,2.43146E+02,1.10000E+04,2.21042E-02
